Automated Agile Job Started: 2026-08-28 23:38:49
Running scheduled task...
Automated job completed successfully: 2026-08-28 23:38:49
Automated Agile Job Started: 2026-08-28 23:57:34
Running scheduled task...
Automated job completed successfully: 2026-08-28 23:57:34
Automated Agile Job Started: 2026-08-29 07:33:40
Running scheduled task...
Automated job completed successfully: 2026-08-29 07:33:40
Automated Agile Job Started: 2026-08-29 07:39:32
Running scheduled task...
Automated job completed successfully: 2026-08-29 07:39:32
====================================
Automated Job Started: 2026-08-29 07:44:29
Scheduled task is running...
Automated job completed successfully: 2026-08-29 07:44:29
====================================
====================================
Automated Job Started: 2026-08-29 07:55:35
Scheduled task is running...
Automated job completed successfully: 2026-08-29 07:55:35
====================================
